// Jest Snapshot v1, https://goo.gl/fbAQLP

exports[`Form should render 1`] = `
<[object Object]
  value={
    Object {
      "errorComponent": [Function],
      "register": [Function],
    }
  }
>
  <form
    className="class"
    onSubmit={[Function]}
  >
    Child
  </form>
</[object Object]>
`;
